./ts: no such option -x
usage: ts [-h | --help] [OPTION]...
./ts: no such option --xxx
usage: ts [-h | --help] [OPTION]...
usage: ts [-h | --help] [OPTION]...

ts prints out a string suitable for a timestamp, as YYMMDD-hhmmss

optional arguments:

 -h, --help      show this help and exit
 --only-date     skip printing the time, only print the date
 --short         same as --only-date
 --full-year     print year as YYYY instead of just YY
 --no-seconds    print time as hhmm only
 --no-minutes    print time as hh only
 --only-time     skip printing the date, only print the time
 --round-quarter round minutes down to the nearest 15 
 --round-half    round minutes down to the nearst half hour
 --version       print out the version number and exit

usage: ts [-h | --help] [OPTION]...

ts prints out a string suitable for a timestamp, as YYMMDD-hhmmss

optional arguments:

 -h, --help      show this help and exit
 --only-date     skip printing the time, only print the date
 --short         same as --only-date
 --full-year     print year as YYYY instead of just YY
 --no-seconds    print time as hhmm only
 --no-minutes    print time as hh only
 --only-time     skip printing the date, only print the time
 --round-quarter round minutes down to the nearest 15 
 --round-half    round minutes down to the nearst half hour
 --version       print out the version number and exit

Sun Feb  2 17:16:41 CST 2025
250202-171641
250202-1716
250202-17
250202-1715
250202-1700
171641
1715
1700
250202
250202
20250202-171641
20250202-1715
20250202-1700
20250202
20250202-1716
20250202-17
2.0.0
